[    0.000000] Linux version 4.15.0-212-generic (buildd@lcy02-amd64-083) (gcc version 7.5.0 (Ubuntu 7.5.0-3ubuntu1~18.04)) #223-Ubuntu SMP Tue May 23 13:09:22 UTC 2023 (Ubuntu 4.15.0-212.223-generic 4.15.18)
[    0.000000] Command line: BOOT_IMAGE=/boot/vmlinuz-4.15.0-212-generic root=LABEL=cloudimg-rootfs ro console=tty1 console=ttyS0
[    0.000000] KERNEL supported cpus:
[    0.000000]   Intel GenuineIntel
[    0.000000]   AMD AuthenticAMD
[    0.000000]   Centaur CentaurHauls
[    0.000000] [Firmware Bug]: TSC doesn't count with P0 frequency!
[    0.000000] x86/fpu: x87 FPU will use FXSAVE
[    0.000000] e820: BIOS-provided physical RAM map:
[    0.000000] BIOS-e820: [mem 0x0000000000000000-0x000000000009fbff] usable
[    0.000000] BIOS-e820: [mem 0x000000000009fc00-0x000000000009ffff] reserved
[    0.000000] BIOS-e820: [mem 0x00000000000f0000-0x00000000000fffff] reserved
[    0.000000] BIOS-e820: [mem 0x0000000000100000-0x000000003ffeffff] usable
[    0.000000] BIOS-e820: [mem 0x000000003fff0000-0x000000003fffffff] ACPI data
[    0.000000] BIOS-e820: [mem 0x00000000fec00000-0x00000000fec00fff] reserved
[    0.000000] BIOS-e820: [mem 0x00000000fee00000-0x00000000fee00fff] reserved
[    0.000000] BIOS-e820: [mem 0x00000000fffc0000-0x00000000ffffffff] reserved
[    0.000000] NX (Execute Disable) protection: active
[    0.000000] SMBIOS 2.5 present.
[    0.000000] DMI: innotek GmbH VirtualBox/VirtualBox, BIOS VirtualBox 12/01/2006
[    0.000000] Hypervisor detected: KVM
[    0.000000] e820: last_pfn = 0x3fff0 max_arch_pfn = 0x400000000
[    0.000000] MTRR: Disabled
[    0.000000] x86/PAT: MTRRs disabled, skipping PAT initialization too.
[    0.000000] CPU MTRRs all blank - virtualized system.
[    0.000000] x86/PAT: Configuration [0-7]: WB  WT  UC- UC  WB  WT  UC- UC  
[    0.000000] found SMP MP-table at [mem 0x0009fff0-0x0009ffff]
[    0.000000] Scanning 1 areas for low memory corruption
[    0.000000] RAMDISK: [mem 0x359cb000-0x36cdcfff]
[    0.000000] ACPI: Early table checksum verification disabled
[    0.000000] ACPI: RSDP 0x00000000000E0000 000024 (v02 VBOX  )
[    0.000000] ACPI: XSDT 0x000000003FFF0030 00003C (v01 VBOX   VBOXXSDT 00000001 ASL  00000061)
[    0.000000] ACPI: FACP 0x000000003FFF00F0 0000F4 (v04 VBOX   VBOXFACP 00000001 ASL  00000061)
[    0.000000] ACPI: DSDT 0x000000003FFF0610 002353 (v02 VBOX   VBOXBIOS 00000002 INTL 20100528)
[    0.000000] ACPI: FACS 0x000000003FFF0200 000040
[    0.000000] ACPI: FACS 0x000000003FFF0200 000040
[    0.000000] ACPI: APIC 0x000000003FFF0240 00005C (v02 VBOX   VBOXAPIC 00000001 ASL  00000061)
[    0.000000] ACPI: SSDT 0x000000003FFF02A0 00036C (v01 VBOX   VBOXCPUT 00000002 INTL 20100528)
[    0.000000] ACPI: Reserving FACP table memory at [mem 0x3fff00f0-0x3fff01e3]
[    0.000000] ACPI: Reserving DSDT table memory at [mem 0x3fff0610-0x3fff2962]
[    0.000000] ACPI: Reserving FACS table memory at [mem 0x3fff0200-0x3fff023f]
[    0.000000] ACPI: Reserving FACS table memory at [mem 0x3fff0200-0x3fff023f]
[    0.000000] ACPI: Reserving APIC table memory at [mem 0x3fff0240-0x3fff029b]
[    0.000000] ACPI: Reserving SSDT table memory at [mem 0x3fff02a0-0x3fff060b]
[    0.000000] No NUMA configuration found
[    0.000000] Faking a node at [mem 0x0000000000000000-0x000000003ffeffff]
[    0.000000] NODE_DATA(0) allocated [mem 0x3ffc5000-0x3ffeffff]
[    0.000000] kvm-clock: cpu 0, msr 0:3ff44001, primary cpu clock
[    0.000000] kvm-clock: Using msrs 4b564d01 and 4b564d00
[    0.000000] kvm-clock: using sched offset of 4030723610 cycles
[    0.000000] clocksource: kvm-clock: mask: 0xffffffffffffffff max_cycles: 0x1cd42e4dffb, max_idle_ns: 881590591483 ns
[    0.000000] Zone ranges:
[    0.000000]   DMA      [mem 0x0000000000001000-0x0000000000ffffff]
[    0.000000]   DMA32    [mem 0x0000000001000000-0x000000003ffeffff]
[    0.000000]   Normal   empty
[    0.000000]   Device   empty
[    0.000000] Movable zone start for each node
[    0.000000] Early memory node ranges
[    0.000000]   node   0: [mem 0x0000000000001000-0x000000000009efff]
[    0.000000]   node   0: [mem 0x0000000000100000-0x000000003ffeffff]
[    0.000000] Reserved but unavailable: 104 pages
[    0.000000] Initmem setup node 0 [mem 0x0000000000001000-0x000000003ffeffff]
[    0.000000] ACPI: PM-Timer IO Port: 0x4008
[    0.000000] IOAPIC[0]: apic_id 2, version 32, address 0xfec00000, GSI 0-23
[    0.000000] ACPI: INT_SRC_OVR (bus 0 bus_irq 0 global_irq 2 dfl dfl)
[    0.000000] ACPI: INT_SRC_OVR (bus 0 bus_irq 9 global_irq 9 low level)
[    0.000000] Using ACPI (MADT) for SMP configuration information
[    0.000000] smpboot: Allowing 2 CPUs, 0 hotplug CPUs
[    0.000000] PM: Registered nosave memory: [mem 0x00000000-0x00000fff]
[    0.000000] PM: Registered nosave memory: [mem 0x0009f000-0x0009ffff]
[    0.000000] PM: Registered nosave memory: [mem 0x000a0000-0x000effff]
[    0.000000] PM: Registered nosave memory: [mem 0x000f0000-0x000fffff]
[    0.000000] e820: [mem 0x40000000-0xfebfffff] available for PCI devices
[    0.000000] Booting paravirtualized kernel on KVM
[    0.000000] clocksource: refined-jiffies: mask: 0xffffffff max_cycles: 0xffffffff, max_idle_ns: 7645519600211568 ns
[    0.000000] setup_percpu: NR_CPUS:8192 nr_cpumask_bits:2 nr_cpu_ids:2 nr_node_ids:1
[    0.000000] percpu: Embedded 50 pages/cpu s167936 r8192 d28672 u1048576
[    0.000000] PV qspinlock hash table entries: 256 (order: 0, 4096 bytes)
[    0.000000] Built 1 zonelists, mobility grouping on.  Total pages: 257913
[    0.000000] Policy zone: DMA32
[    0.000000] Kernel command line: BOOT_IMAGE=/boot/vmlinuz-4.15.0-212-generic root=LABEL=cloudimg-rootfs ro console=tty1 console=ttyS0
[    0.000000] Memory: 982644K/1048120K available (12300K kernel code, 2477K rwdata, 4324K rodata, 2480K init, 2720K bss, 65476K reserved, 0K cma-reserved)
[    0.000000] SLUB: HWalign=64, Order=0-3, MinObjects=0, CPUs=2, Nodes=1
[    0.000000] ftrace: allocating 39508 entries in 155 pages
[    0.004000] Hierarchical RCU implementation.
[    0.004000] 	RCU restricting CPUs from NR_CPUS=8192 to nr_cpu_ids=2.
[    0.004000] 	Tasks RCU enabled.
[    0.004000] RCU: Adjusting geometry for rcu_fanout_leaf=16, nr_cpu_ids=2
[    0.004000] NR_IRQS: 524544, nr_irqs: 440, preallocated irqs: 16
[    0.004000] random: crng init done
[    0.004000] Console: colour VGA+ 80x25
[    0.004000] console [tty1] enabled
[    0.004000] console [ttyS0] enabled
[    0.004000] ACPI: Core revision 20170831
[    0.004000] ACPI: 2 ACPI AML tables successfully acquired and loaded
[    0.004000] APIC: Switch to symmetric I/O mode setup
[    0.004000] ..TIMER: vector=0x30 apic1=0 pin1=2 apic2=-1 pin2=-1
[    0.004000] tsc: Detected 2894.572 MHz processor
[    0.004000] Calibrating delay loop (skipped) preset value.. 5789.14 BogoMIPS (lpj=11578288)
[    0.004000] pid_max: default: 32768 minimum: 301
[    0.004000] Security Framework initialized
[    0.004000] Yama: becoming mindful.
[    0.004000] AppArmor: AppArmor initialized
[    0.012741] Dentry cache hash table entries: 131072 (order: 8, 1048576 bytes)
[    0.018475] Inode-cache hash table entries: 65536 (order: 7, 524288 bytes)
[    0.020117] Mount-cache hash table entries: 2048 (order: 2, 16384 bytes)
[    0.024111] Mountpoint-cache hash table entries: 2048 (order: 2, 16384 bytes)
[    0.029962] Last level iTLB entries: 4KB 1024, 2MB 1024, 4MB 512
[    0.032007] Last level dTLB entries: 4KB 2048, 2MB 2048, 4MB 1024, 1GB 0
[    0.036007] Spectre V1 : Mitigation: usercopy/swapgs barriers and __user pointer sanitization
[    0.040008] Spectre V2 : Mitigation: Retpolines
[    0.044008] Spectre V2 : Spectre v2 / SpectreRSB mitigation: Filling RSB on context switch
[    0.048006] Spectre V2 : Spectre v2 / SpectreRSB : Filling RSB on VMEXIT
[    0.052008] RETBleed: Vulnerable
[    0.056175] Freeing SMP alternatives memory: 36K
[    0.188666] APIC calibration not consistent with PM-Timer: 109ms instead of 100ms
[    0.192000] APIC delta adjusted to PM-Timer: 6417080 (7002490)
[    0.192469] smpboot: CPU0: AMD Ryzen 7 4800H with Radeon Graphics (family: 0x17, model: 0x60, stepping: 0x1)
[    0.200233] Performance Events: PMU not available due to virtualization, using software events only.
[    0.204234] Hierarchical SRCU implementation.
[    0.212715] NMI watchdog: Perf event create on CPU 0 failed with -2
[    0.216007] NMI watchdog: Perf NMI watchdog permanently disabled
[    0.220497] smp: Bringing up secondary CPUs ...
[    0.225385] x86: Booting SMP configuration:
[    0.228008] .... node  #0, CPUs:      #1
[    0.004000] kvm-clock: cpu 1, msr 0:3ff44041, secondary cpu clock
[    0.243089] TSC synchronization [CPU#0 -> CPU#1]:
[    0.244000] Measured 64552 cycles TSC warp between CPUs, turning off TSC clock.
[    0.244000] tsc: Marking TSC unstable due to check_tsc_sync_source failed
[    0.248407] smp: Brought up 1 node, 2 CPUs
[    0.252018] smpboot: Max logical packages: 1
[    0.256010] smpboot: Total of 2 processors activated (11578.28 BogoMIPS)
[    0.264173] devtmpfs: initialized
[    0.268537] x86/mm: Memory block size: 128MB
[    0.272586] evm: security.selinux
[    0.280007] evm: security.SMACK64
[    0.284004] evm: security.SMACK64EXEC
[    0.288007] evm: security.SMACK64TRANSMUTE
[    0.296005] evm: security.SMACK64MMAP
[    0.300007] evm: security.apparmor
[    0.304008] evm: security.ima
[    0.308007] evm: security.capability
[    0.316492] clocksource: jiffies: mask: 0xffffffff max_cycles: 0xffffffff, max_idle_ns: 7645041785100000 ns
[    0.320147] futex hash table entries: 512 (order: 3, 32768 bytes)
[    0.328139] pinctrl core: initialized pinctrl subsystem
[    0.332655] RTC time: 23:05:24, date: 05/14/24
[    0.337414] NET: Registered protocol family 16
[    0.340192] audit: initializing netlink subsys (disabled)
[    0.348071] audit: type=2000 audit(1715727929.131:1): state=initialized audit_enabled=0 res=1
[    0.356124] cpuidle: using governor ladder
[    0.364541] cpuidle: using governor menu
[    0.372794] ACPI: bus type PCI registered
[    0.376007] acpiphp: ACPI Hot Plug PCI Controller Driver version: 0.5
[    0.384174] PCI: Using configuration type 1 for base access
[    0.388007] PCI: Using configuration type 1 for extended access
[    0.400421] HugeTLB registered 2.00 MiB page size, pre-allocated 0 pages
[    0.412293] ACPI: Added _OSI(Module Device)
[    0.416114] ACPI: Added _OSI(Processor Device)
[    0.420007] ACPI: Added _OSI(3.0 _SCP Extensions)
[    0.424006] ACPI: Added _OSI(Processor Aggregator Device)
[    0.428008] ACPI: Added _OSI(Linux-Dell-Video)
[    0.432010] ACPI: Added _OSI(Linux-Lenovo-NV-HDMI-Audio)
[    0.436009] ACPI: Added _OSI(Linux-HPI-Hybrid-Graphics)
[    0.441036] ACPI: Executed 1 blocks of module-level executable AML code
[    0.451228] ACPI: Interpreter enabled
[    0.452026] ACPI: (supports S0 S5)
[    0.456008] ACPI: Using IOAPIC for interrupt routing
[    0.460494] PCI: Using host bridge windows from ACPI; if necessary, use "pci=nocrs" and report a bug
[    0.464266] ACPI: Enabled 2 GPEs in block 00 to 07
[    0.480349] ACPI: PCI Root Bridge [PCI0] (domain 0000 [bus 00-ff])
[    0.484019] acpi PNP0A03:00: _OSC: OS supports [ExtendedConfig ASPM ClockPM Segments MSI]
[    0.489968] acpi PNP0A03:00: _OSC: platform does not support [PCIeCapability]
[    0.492783] acpi PNP0A03:00: _OSC: not requesting control; platform does not support [PCIeCapability]
[    0.496011] acpi PNP0A03:00: _OSC: OS requested [PCIeHotplug PME AER PCIeCapability]
[    0.500012] acpi PNP0A03:00: _OSC: platform willing to grant [PCIeHotplug PME AER]
[    0.504009] acpi PNP0A03:00: _OSC failed (AE_SUPPORT); disabling ASPM
[    0.508882] PCI host bridge to bus 0000:00
[    0.512010] pci_bus 0000:00: root bus resource [io  0x0000-0x0cf7 window]
[    0.516010] pci_bus 0000:00: root bus resource [io  0x0d00-0xffff window]
[    0.520009] pci_bus 0000:00: root bus resource [mem 0x000a0000-0x000bffff window]
[    0.524012] pci_bus 0000:00: root bus resource [mem 0x40000000-0xfdffffff window]
[    0.528014] pci_bus 0000:00: root bus resource [bus 00-ff]
[    0.541152] pci 0000:00:01.1: legacy IDE quirk: reg 0x10: [io  0x01f0-0x01f7]
[    0.544009] pci 0000:00:01.1: legacy IDE quirk: reg 0x14: [io  0x03f6]
[    0.548009] pci 0000:00:01.1: legacy IDE quirk: reg 0x18: [io  0x0170-0x0177]
[    0.552009] pci 0000:00:01.1: legacy IDE quirk: reg 0x1c: [io  0x0376]
[    0.577213] pci 0000:00:07.0: quirk: [io  0x4000-0x403f] claimed by PIIX4 ACPI
[    0.584050] pci 0000:00:07.0: quirk: [io  0x4100-0x410f] claimed by PIIX4 SMB
[    0.600578] ACPI: PCI Interrupt Link [LNKA] (IRQs 5 9 10 *11)
[    0.604591] ACPI: PCI Interrupt Link [LNKB] (IRQs 5 9 *10 11)
[    0.608244] ACPI: PCI Interrupt Link [LNKC] (IRQs 5 *9 10 11)
[    0.616174] ACPI: PCI Interrupt Link [LNKD] (IRQs 5 9 10 *11)
[    0.620847] SCSI subsystem initialized
[    0.624229] pci 0000:00:02.0: vgaarb: setting as boot VGA device
[    0.628000] pci 0000:00:02.0: vgaarb: VGA device added: decodes=io+mem,owns=io+mem,locks=none
[    0.628011] pci 0000:00:02.0: vgaarb: bridge control possible
[    0.632009] vgaarb: loaded
[    0.634598] ACPI: bus type USB registered
[    0.636138] usbcore: registered new interface driver usbfs
[    0.640030] usbcore: registered new interface driver hub
[    0.644027] usbcore: registered new device driver usb
[    0.648229] EDAC MC: Ver: 3.0.0
[    0.656332] PCI: Using ACPI for IRQ routing
[    0.664714] NetLabel: Initializing
[    0.668008] NetLabel:  domain hash size = 128
[    0.676005] NetLabel:  protocols = UNLABELED CIPSOv4 CALIPSO
[    0.680121] NetLabel:  unlabeled traffic allowed by default
[    0.692481] clocksource: Switched to clocksource kvm-clock
[    0.702358] VFS: Disk quotas dquot_6.6.0
[    0.702358] VFS: Dquot-cache hash table entries: 512 (order 0, 4096 bytes)
[    0.702358] AppArmor: AppArmor Filesystem Enabled
[    0.702358] pnp: PnP ACPI init
[    0.702358] pnp: PnP ACPI: found 3 devices
[    0.835177] clocksource: acpi_pm: mask: 0xffffff max_cycles: 0xffffff, max_idle_ns: 2085701024 ns
[    0.836610] NET: Registered protocol family 2
[    0.836610] IP idents hash table entries: 16384 (order: 5, 131072 bytes)
[    0.854852] TCP established hash table entries: 8192 (order: 4, 65536 bytes)
[    0.857975] TCP bind hash table entries: 8192 (order: 5, 131072 bytes)
[    0.857975] TCP: Hash tables configured (established 8192 bind 8192)
[    0.857975] UDP hash table entries: 512 (order: 2, 16384 bytes)
[    0.857975] UDP-Lite hash table entries: 512 (order: 2, 16384 bytes)
[    0.857975] NET: Registered protocol family 1
[    0.857975] pci 0000:00:00.0: Limiting direct PCI/PCI transfers
[    0.857975] pci 0000:00:01.0: Activating ISA DMA hang workarounds
[    0.857975] pci 0000:00:02.0: Video device with shadowed ROM at [mem 0x000c0000-0x000dffff]
[    0.857975] Unpacking initramfs...
[    1.473171] Freeing initrd memory: 19528K
[    1.477111] clocksource: tsc: mask: 0xffffffffffffffff max_cycles: 0x29b93b4bb21, max_idle_ns: 440795288346 ns
[    1.485797] platform rtc_cmos: registered platform RTC device (no PNP device found)
[    1.493318] Scanning for low memory corruption every 60 seconds
[    1.502487] Initialise system trusted keyrings
[    1.508831] Key type blacklist registered
[    1.513350] workingset: timestamp_bits=36 max_order=18 bucket_order=0
[    1.521769] zbud: loaded
[    1.525991] squashfs: version 4.0 (2009/01/31) Phillip Lougher
[    1.533971] fuse init (API version 7.26)
[    1.572745] Key type asymmetric registered
[    1.576823] Asymmetric key parser 'x509' registered
[    1.581626] Block layer SCSI generic (bsg) driver version 0.4 loaded (major 246)
[    1.589336] io scheduler noop registered
[    1.593524] io scheduler deadline registered
[    1.598276] io scheduler cfq registered (default)
[    1.604672] ACPI: AC Adapter [AC] (on-line)
[    1.609167] input: Power Button as /devices/LNXSYSTM:00/LNXPWRBN:00/input/input0
[    1.616911] ACPI: Power Button [PWRF]
[    1.621021] input: Sleep Button as /devices/LNXSYSTM:00/LNXSLPBN:00/input/input1
[    1.628830] ACPI: Sleep Button [SLPF]
[    1.635610] ACPI: Battery Slot [BAT0] (battery present)
[    1.641436] Serial: 8250/16550 driver, 32 ports, IRQ sharing enabled
[    1.674436] 00:02: ttyS0 at I/O 0x3f8 (irq = 4, base_baud = 115200) is a 16550A
[    1.700508] Linux agpgart interface v0.103
[    1.717810] loop: module loaded
[    1.725345] scsi host0: ata_piix
[    1.730418] scsi host1: ata_piix
[    1.734190] ata1: PATA max UDMA/33 cmd 0x1f0 ctl 0x3f6 bmdma 0xd000 irq 14
[    1.738004] ata2: PATA max UDMA/33 cmd 0x170 ctl 0x376 bmdma 0xd008 irq 15
[    1.747925] tun: Universal TUN/TAP device driver, 1.6
[    1.754303] PPP generic driver version 2.4.2
[    1.758736] ehci_hcd: USB 2.0 'Enhanced' Host Controller (EHCI) Driver
[    1.765624] ehci-pci: EHCI PCI platform driver
[    1.770785] ehci-platform: EHCI generic platform driver
[    1.775645] ohci_hcd: USB 1.1 'Open' Host Controller (OHCI) Driver
[    1.781850] ohci-pci: OHCI PCI platform driver
[    1.786911] ohci-platform: OHCI generic platform driver
[    1.792714] uhci_hcd: USB Universal Host Controller Interface driver
[    1.798877] i8042: PNP: PS/2 Controller [PNP0303:PS2K,PNP0f03:PS2M] at 0x60,0x64 irq 1,12
[    1.809997] serio: i8042 KBD port at 0x60,0x64 irq 1
[    1.814912] serio: i8042 AUX port at 0x60,0x64 irq 12
[    1.821668] mousedev: PS/2 mouse device common for all mice
[    1.831030] input: AT Translated Set 2 keyboard as /devices/platform/i8042/serio0/input/input2
[    1.832459] rtc_cmos rtc_cmos: rtc core: registered rtc_cmos as rtc0
[    1.847017] rtc_cmos rtc_cmos: alarms up to one day, 114 bytes nvram
[    1.853109] i2c /dev entries driver
[    1.857484] device-mapper: uevent: version 1.0.3
[    1.863349] device-mapper: ioctl: 4.37.0-ioctl (2017-09-20) initialised: dm-devel@redhat.com
[    1.872845] ledtrig-cpu: registered to indicate activity on CPUs
[    1.881956] NET: Registered protocol family 10
[    1.899370] Segment Routing with IPv6
[    1.903241] NET: Registered protocol family 17
[    1.916642] Key type dns_resolver registered
[    1.967679] mce: Using 0 MCE banks
[    1.971802] RAS: Correctable Errors collector initialized.
[    1.977417] sched_clock: Marking stable (1977292955, 0)->(2787333346, -810040391)
[    1.989422] registered taskstats version 1
[    1.993725] Loading compiled-in X.509 certificates
[    2.003186] Loaded X.509 cert 'Build time autogenerated kernel key: b5b26778eaa3ab3a4a6cee031137706e947d12ad'
[    2.012952] Loaded X.509 cert 'Canonical Ltd. Live Patch Signing: 14df34d1a87cf37625abec039ef2bf521249b969'
[    2.022749] Loaded X.509 cert 'Canonical Ltd. Kernel Module Signing: 88f752e560a1e0737e31163a466ad7b70a850c19'
[    2.032142] blacklist: Loading compiled-in revocation X.509 certificates
[    2.039284] Loaded X.509 cert 'Canonical Ltd. Secure Boot Signing: 61482aa2830d0ab2ad5af10b7250da9033ddcef0'
[    2.048224] Loaded X.509 cert 'Canonical Ltd. Secure Boot Signing (2017): 242ade75ac4a15e50d50c84b0d45ff3eae707a03'
[    2.057826] Loaded X.509 cert 'Canonical Ltd. Secure Boot Signing (ESM 2018): 365188c1d374d6b07c3c8f240f8ef722433d6a8b'
[    2.067871] Loaded X.509 cert 'Canonical Ltd. Secure Boot Signing (2019): c0746fd6c5da3ae827864651ad66ae47fe24b3e8'
[    2.078061] Loaded X.509 cert 'Canonical Ltd. Secure Boot Signing (2021 v1): a8d54bbb3825cfb94fa13c9f8a594a195c107b8d'
[    2.088132] Loaded X.509 cert 'Canonical Ltd. Secure Boot Signing (2021 v2): 4cf046892d6fd3c9a5b03f98d845f90851dc6a8c'
[    2.099267] Loaded X.509 cert 'Canonical Ltd. Secure Boot Signing (2021 v3): 100437bb6de6e469b581e61cd66bce3ef4ed53af'
[    2.109736] Loaded X.509 cert 'Canonical Ltd. Secure Boot Signing (Ubuntu Core 2019): c1d57b8f6b743f23ee41f4f7ee292f06eecadfb9'
[    2.120853] zswap: loaded using pool lzo/zbud
[    2.136351] Key type big_key registered
[    2.140704] Key type trusted registered
[    2.148847] Key type encrypted registered
[    2.152438] AppArmor: AppArmor sha1 policy hashing enabled
[    2.157953] ima: No TPM chip found, activating TPM-bypass! (rc=-19)
[    2.163870] ima: Allocated hash algorithm: sha1
[    2.168595] evm: HMAC attrs: 0x1
[    2.172547]   Magic number: 8:1:100
[    2.177170] rtc_cmos rtc_cmos: setting system clock to 2024-05-14 23:05:26 UTC (1715727926)
[    2.185330] BIOS EDD facility v0.16 2004-Jun-25, 0 devices found
[    2.191093] EDD information not available.
[    2.198720] Freeing unused kernel image memory: 2480K
[    2.232078] Write protecting the kernel read-only data: 20480k
[    2.239325] Freeing unused kernel image memory: 2008K
[    2.244749] Freeing unused kernel image memory: 1820K
[    2.256636] x86/mm: Checked W+X mappings: passed, no W+X pages found.
Loading, please wait...
starting version 237
[    2.358141] e1000: Intel(R) PRO/1000 Network Driver - version 7.3.21-k8-NAPI
[    2.365910] e1000: Copyright (c) 1999-2006 Intel Corporation.
[    2.378068] Fusion MPT base driver 3.04.20
[    2.383728] Copyright (c) 1999-2008 LSI Corporation
[    2.399586] SSE version of gcm_enc/dec engaged.
[    2.424861] Fusion MPT SPI Host driver 3.04.20
[    2.608430] input: ImExPS/2 Generic Explorer Mouse as /devices/platform/i8042/serio1/input/input4
[    3.084917] e1000 0000:00:03.0 eth0: (PCI:33MHz:32-bit) 02:3b:7b:b7:3b:2d
[    3.091881] e1000 0000:00:03.0 eth0: Intel(R) PRO/1000 Network Connection
[    3.770545] e1000 0000:00:08.0 eth1: (PCI:33MHz:32-bit) 08:00:27:1e:44:8e
[    3.777317] e1000 0000:00:08.0 eth1: Intel(R) PRO/1000 Network Connection
[    3.786526] e1000 0000:00:08.0 enp0s8: renamed from eth1
[    3.792198] mptbase: ioc0: Initiating bringup
[    8.201179] e1000 0000:00:03.0 enp0s3: renamed from eth0
[    8.531537] ioc0: LSI53C1030 A0: Capabilities={Initiator}
[    8.791743] scsi host2: ioc0: LSI53C1030 A0, FwRev=00000000h, Ports=1, MaxQ=256, IRQ=20
[    8.969889] scsi 2:0:0:0: Direct-Access     VBOX     HARDDISK         1.0  PQ: 0 ANSI: 5
[    9.016546] scsi target2:0:0: Beginning Domain Validation
[    9.028591] scsi target2:0:0: Domain Validation skipping write tests
[    9.035072] scsi target2:0:0: Ending Domain Validation
[    9.039899] scsi target2:0:0: asynchronous
[    9.046204] scsi 2:0:1:0: Direct-Access     VBOX     HARDDISK         1.0  PQ: 0 ANSI: 5
[    9.283933] scsi target2:0:1: Beginning Domain Validation
[    9.301079] scsi target2:0:1: Domain Validation skipping write tests
[    9.308238] scsi target2:0:1: Ending Domain Validation
[    9.313911] scsi target2:0:1: asynchronous
[    9.331080] sd 2:0:0:0: Attached scsi generic sg0 type 0
[    9.331898] sd 2:0:0:0: [sda] 83886080 512-byte logical blocks: (42.9 GB/40.0 GiB)
[    9.344749] sd 2:0:1:0: Attached scsi generic sg1 type 0
[    9.345000] sd 2:0:0:0: [sda] Write Protect is off
[    9.355771] sd 2:0:0:0: [sda] Incomplete mode parameter data
[    9.361181] sd 2:0:0:0: [sda] Assuming drive cache: write through
[    9.361281] sd 2:0:1:0: [sdb] 20480 512-byte logical blocks: (10.5 MB/10.0 MiB)
[    9.372759]  sda: sda1
[    9.377261] sd 2:0:1:0: [sdb] Write Protect is off
[    9.379259] sd 2:0:0:0: [sda] Attached SCSI disk
[    9.388517] sd 2:0:1:0: [sdb] Incomplete mode parameter data
[    9.394152] sd 2:0:1:0: [sdb] Assuming drive cache: write through
[    9.413016] sd 2:0:1:0: [sdb] Attached SCSI disk
Begin: Loading essential drivers ... [   12.193238] raid6: sse2x1   gen() 173451 MB/s
[   14.192295] raid6: sse2x1   xor() 185039 MB/s
[   15.196849] raid6: sse2x2   gen() 371834 MB/s
[   16.247279] raid6: sse2x2   xor() 12517 MB/s
[   16.320256] raid6: sse2x4   gen() 20628 MB/s
[   16.372125] raid6: sse2x4   xor()  9426 MB/s
[   16.377192] raid6: using algorithm sse2x2 gen() 371834 MB/s
[   16.382847] raid6: .... xor() 12517 MB/s, rmw enabled
[   16.388346] raid6: using ssse3x2 recovery algorithm
[   16.395304] xor: measuring software checksum speed
[   16.436636]    prefetch64-sse: 18229.000 MB/sec
[   16.480698]    generic_sse: 17620.000 MB/sec
[   16.484541] xor: using function: prefetch64-sse (18229.000 MB/sec)
[   16.494013] async_tx: api initialized (async)
done.
Begin: Running /scripts/init-premount ... done.
Begin: Mounting root file system ... Begin: Running /scripts/local-top ... done.
Begin: Running /scripts/local-premount ... [   16.556891] Btrfs loaded, crc32c=crc32c-intel
Scanning for Btrfs filesystems
done.
Warning: fsck not present, so skipping root file system
[   16.621616] EXT4-fs (sda1): mounted filesystem with ordered data mode. Opts: (null)
done.
Begin: Running /scripts/local-bottom ... done.
Begin: Running /scripts/init-bottom ... done.
[   16.877284] ip_tables: (C) 2000-2006 Netfilter Core Team
[   16.901268] systemd[1]: systemd 237 running in system mode. (+PAM +AUDIT +SELINUX +IMA +APPARMOR +SMACK +SYSVINIT +UTMP +LIBCRYPTSETUP +GCRYPT +GNUTLS +ACL +XZ +LZ4 +SECCOMP +BLKID +ELFUTILS +KMOD -IDN2 +IDN -PCRE2 default-hierarchy=hybrid)
[   16.919342] systemd[1]: Detected virtualization oracle.
[   16.924188] systemd[1]: Detected architecture x86-64.

Welcome to [1mUbuntu 18.04.6 LTS[0m!

[   16.959331] systemd[1]: Set hostname to <ubuntu>.
[   16.971866] systemd[1]: Initializing machine ID from random generator.
[   16.977946] systemd[1]: Installed transient /etc/machine-id file.
[   17.341140] systemd[1]: Created slice User and Session Slice.
[[0;32m  OK  [0m] Created slice User and Session Slice.
[   17.348697] systemd[1]: Reached target User and Group Name Lookups.
[[0;32m  OK  [0m] Reached target User and Group Name Lookups.
[   17.357246] systemd[1]: Reached target Mounting snaps.
[[0;32m  OK  [0m] Reached target Mounting snaps.
[   17.364408] systemd[1]: Reached target System Time Synchronized.
[[0;32m  OK  [0m] Reached target System Time Synchronized.
[[0;32m  OK  [0m] Reached target Swap.
[[0;32m  OK  [0m] Reached target Mounted snaps.
[[0;32m  OK  [0m] Started Forward Password Requests to Wall Directory Watch.
[[0;32m  OK  [0m] Set up automount Arbitrary Executabâ€¦rmats File System Automount Point.
[[0;32m  OK  [0m] Created slice System Slice.
[[0;32m  OK  [0m] Listening on LVM2 poll daemon socket.
[[0;32m  OK  [0m] Listening on udev Kernel Socket.
[[0;32m  OK  [0m] Listening on udev Control Socket.
[[0;32m  OK  [0m] Listening on LVM2 metadata daemon socket.
[[0;32m  OK  [0m] Listening on /dev/initctl Compatibility Named Pipe.
[[0;32m  OK  [0m] Listening on Journal Audit Socket.
[[0;32m  OK  [0m] Listening on Syslog Socket.
[[0;32m  OK  [0m] Reached target Slices.
[[0;32m  OK  [0m] Listening on Device-mapper event daemon FIFOs.
[[0;32m  OK  [0m] Listening on Journal Socket (/dev/log).
[[0;32m  OK  [0m] Created slice system-serial\x2dgetty.slice.
[[0;32m  OK  [0m] Listening on fsck to fsckd communication Socket.
[[0;32m  OK  [0m] Listening on Network Service Netlink Socket.
[[0;32m  OK  [0m] Listening on Journal Socket.
         Starting Set the console keyboard layout...
         Starting File System Check on Root Device...
         Mounting Kernel Debug File System...
         Starting Uncomplicated firewall...
         Mounting POSIX Message Queue File System...
         Starting Journal Service...
         Mounting Huge Pages File System...
         Starting Load Kernel Modules...
         Starting Monitoring of LVM2 mirrorsâ€¦ng dmeventd or progress polling...
         Starting udev Coldplug all Devices...
         Starting Create list of required stâ€¦ce nodes for the current kernel...
[[0;32m  OK  [0m] Mounted Kernel Debug File System.
[[0;32m  OK  [0m] Started Uncomplicated firewall.
[[0;32m  OK  [0m] Mounted POSIX Message Queue File System.
[[0;32m  OK  [0m] Mounted Huge Pages File System.
[[0;32m  OK  [0m] Started File System Check Daemon to report status.
[[0;32m  OK  [0m] Started Journal Service.
[[0;32m  OK  [0m] Started File System Check on Root Device.
[   17.555688] Loading iSCSI transport class v2.0-870.
         Starting Remount Root and Kernel File Systems...
[[0;32m  OK  [0m] Started Create list of required staâ€¦vice nodes for the current kernel.
         Starting Create Static Device Nodes in /dev...
[[0;32m  OK  [0m] Started udev Coldplug all Devices.
[   17.636680] iscsi: registered transport (tcp)
[   17.663320] iscsi: registered transport (iser)
[[0;32m  OK  [0m] Started Load Kernel Modules.
         Starting Apply Kernel Variables...
[   17.678549] EXT4-fs (sda1): re-mounted. Opts: (null)
         Mounting Kernel Configuration File System...
         Mounting FUSE Control File System...
[[0;32m  OK  [0m] Started Remount Root and Kernel File Systems.
[[0;32m  OK  [0m] Mounted Kernel Configuration File System.
         Starting Flush Journal to Persistent Storage...
         Starting Load/Save Random Seed...
[[0;32m  OK  [0m] Started Create Static Device Nodes in /dev.
[[0;32m  OK  [0m] Mounted FUSE Control File System.
         Starting udev Kernel Device Manager...
[[0;32m  OK  [0m] Started LVM2 metadata daemon.
[[0;32m  OK  [0m] Started Load/Save Random Seed.
[[0;32m  OK  [0m] Started Apply Kernel Variables.
[[0;32m  OK  [0m] Started udev Kernel Device Manager.
[[0;32m  OK  [0m] Started Monitoring of LVM2 mirrors,â€¦sing dmeventd or progress polling.
[[0;32m  OK  [0m] Started Flush Journal to Persistent Storage.
[[0;32m  OK  [0m] Started Set the console keyboard layout.
[[0;32m  OK  [0m] Reached target Local File Systems (Pre).
[[0;32m  OK  [0m] Reached target Local File Systems.
         Starting Create Volatile Files and Directories...
         Starting Tell Plymouth To Write Out Runtime Data...
         Starting Set console font and keymap...
         Starting ebtables ruleset management...
         Starting Commit a transient machine-id on disk...
         Starting AppArmor initialization...
[[0;32m  OK  [0m] Started Dispatch Password Requests to Console Directory Watch.
[[0;32m  OK  [0m] Reached target Local Encrypted Volumes.
[[0;32m  OK  [0m] Started Tell Plymouth To Write Out Runtime Data.
[[0;32m  OK  [0m] Found device /dev/ttyS0.
[[0;32m  OK  [0m] Started Create Volatile Files and Directories.
         Starting Update UTMP about System Boot/Shutdown...
[[0;32m  OK  [0m] Listening on Load/Save RF Kill Switch Status /dev/rfkill Watch.
[[0;32m  OK  [0m] Started Update UTMP about System Boot/Shutdown.
[[0;32m  OK  [0m] Started Commit a transient machine-id on disk.
[[0;32m  OK  [0m] Started ebtables ruleset management.
         Mounting Arbitrary Executable File Formats File System...
[[0;32m  OK  [0m] Mounted Arbitrary Executable File Formats File System.
[[0;32m  OK  [0m] Started AppArmor initialization.
         Starting Initial cloud-init job (pre-networking)...
         Starting Load AppArmor profiles managed internally by snapd...
[[0;32m  OK  [0m] Started Load AppArmor profiles managed internally by snapd.
[[0;32m  OK  [0m] Started Set console font and keymap.
[   21.510696] cloud-init[762]: Cloud-init v. 23.1.2-0ubuntu0~18.04.1 running 'init-local' at Tue, 14 May 2024 23:05:45 +0000. Up 21.08 seconds.
[[0;32m  OK  [0m] Started Initial cloud-init job (pre-networking).
[[0;32m  OK  [0m] Reached target Network (Pre).
         Starting Network Service...
[[0;32m  OK  [0m] Started Network Service.
         Starting Network Name Resolution...
         Starting Wait for Network to be Configured...
[[0;32m  OK  [0m] Started Network Name Resolution.
[[0;32m  OK  [0m] Reached target Network.
[[0;32m  OK  [0m] Reached target Host and Network Name Lookups.
[[0;32m  OK  [0m] Started Wait for Network to be Configured.
         Starting Initial cloud-init job (metadata service crawler)...
[   24.088789] cloud-init[916]: Cloud-init v. 23.1.2-0ubuntu0~18.04.1 running 'init' at Tue, 14 May 2024 23:05:48 +0000. Up 23.97 seconds.
[   24.097623] cloud-init[916]: ci-info: ++++++++++++++++++++++++++++++++++++++Net device info+++++++++++++++++++++++++++++++++++++++
[   24.106129] cloud-init[916]: ci-info: +--------+-------+----------------------------+---------------+--------+-------------------+
[   24.113211] cloud-init[916]: ci-info: | Device |   Up  |          Address           |      Mask     | Scope  |     Hw-Address    |
[   24.119645] cloud-init[916]: ci-info: +--------+-------+----------------------------+---------------+--------+-------------------+
[   24.126408] cloud-init[916]: ci-info: | enp0s3 |  True |         10.0.2.15          | 255.255.255.0 | global | 02:3b:7b:b7:3b:2d |
[   24.133877] cloud-init[916]: ci-info: | enp0s3 |  True | fe80::3b:7bff:feb7:3b2d/64 |       .       |  link  | 02:3b:7b:b7:3b:2d |
[   24.141534] cloud-init[916]: ci-info: | enp0s8 | False |             .              |       .       |   .    | 08:00:27:1e:44:8e |
[   24.149414] cloud-init[916]: ci-info: |   lo   |  True |         127.0.0.1          |   255.0.0.0   |  host  |         .         |
[   24.154384] cloud-init[916]: ci-info: |   lo   |  True |          ::1/128           |       .       |  host  |         .         |
[   24.158318] cloud-init[916]: ci-info: +--------+-------+----------------------------+---------------+--------+-------------------+
[   24.162301] cloud-init[916]: ci-info: ++++++++++++++++++++++++++++Route IPv4 info+++++++++++++++++++++++++++++
[   24.165817] cloud-init[916]: ci-info: +-------+-------------+----------+-----------------+-----------+-------+
[   24.169281] cloud-init[916]: ci-info: | Route | Destination | Gateway  |     Genmask     | Interface | Flags |
[   24.173475] cloud-init[916]: ci-info: +-------+-------------+----------+-----------------+-----------+-------+
[   24.177259] cloud-init[916]: ci-info: |   0   |   0.0.0.0   | 10.0.2.2 |     0.0.0.0     |   enp0s3  |   UG  |
[   24.181136] cloud-init[916]: ci-info: |   1   |   10.0.2.0  | 0.0.0.0  |  255.255.255.0  |   enp0s3  |   U   |
[   24.184735] cloud-init[916]: ci-info: |   2   |   10.0.2.2  | 0.0.0.0  | 255.255.255.255 |   enp0s3  |   UH  |
[   24.188473] cloud-init[916]: ci-info: +-------+-------------+----------+-----------------+-----------+-------+
[   24.192701] cloud-init[916]: ci-info: +++++++++++++++++++Route IPv6 info+++++++++++++++++++
[   24.195567] cloud-init[916]: ci-info: +-------+-------------+---------+-----------+-------+
[   24.198402] cloud-init[916]: ci-info: | Route | Destination | Gateway | Interface | Flags |
[   24.201565] cloud-init[916]: ci-info: +-------+-------------+---------+-----------+-------+
[   24.204714] cloud-init[916]: ci-info: |   1   |  fe80::/64  |    ::   |   enp0s3  |   U   |
[   24.210688] cloud-init[916]: ci-info: |   3   |    local    |    ::   |   enp0s3  |   U   |
[   24.216771] cloud-init[916]: ci-info: |   4   |   ff00::/8  |    ::   |   enp0s3  |   U   |
[   24.222796] cloud-init[916]: ci-info: +-------+-------------+---------+-----------+-------+
[   25.201100] cloud-init[916]: Generating public/private rsa key pair.
[   25.203737] cloud-init[916]: Your identification has been saved in /etc/ssh/ssh_host_rsa_key.
[   25.210423] cloud-init[916]: Your public key has been saved in /etc/ssh/ssh_host_rsa_key.pub.
[   25.217215] cloud-init[916]: The key fingerprint is:
[   25.222870] cloud-init[916]: SHA256:m8jUh9FTntGRMMMAhFL7DrUlGpq/3/wbDwqNXlEFFec root@ubuntu-bionic
[   25.229219] cloud-init[916]: The key's randomart image is:
[   25.233813] cloud-init[916]: +---[RSA 2048]----+
[   25.238548] cloud-init[916]: |     ..oo..oB==+.|
[   25.243148] cloud-init[916]: |    . .. . o.*oo |
[   25.248016] cloud-init[916]: |     .o + + +   E|
[   25.253008] cloud-init[916]: |     o * * o     |
[   25.257671] cloud-init[916]: |    o + S o      |
[   25.262335] cloud-init[916]: [[0;32m  OK  [0m] Started Initial cloud-init job (metadata service crawler).
[[0;32m  OK  [0m] Reached target System Initialization.
[[0;32m  OK  [0m] Listening on Open-iSCSI iscsid Socket.
[[0;32m  OK  [0m] Started Daily apt download activities.
[[0;32m  OK  [0m] Started ACPI Events Check.
[[0;32m  OK  [0m] Reached target Paths.
[[0;32m  OK  [0m] Started Daily apt upgrade and clean activities.
[[0;32m  OK  [0m] Listening on cloud-init hotplug hook socket.
[[0;32m  OK  [0m] Started Discard unused blocks once a week.
[[0;32m  OK  [0m] Started Message of the Day.
         Starting LXD - unix socket.
[[0;32m  OK  [0m] Listening on UUID daemon activation socket.
[[0;32m  OK  [0m] Listening on D-Bus System Message Bus Socket.
[[0;32m  OK  [0m] Listening on ACPID Listen Socket.
         Starting Socket activation for snappy daemon.
[[0;32m  OK  [0m] Started Daily Cleanup of Temporary Directories.
[[0;32m  OK  [0m] Started Ubuntu Advantage Timer for running repeated jobs.
[[0;32m  OK  [0m] Reached target Timers.
[[0;32m  OK  [0m] Reached target Network is Online.
         Starting Availability of block devices...
[[0;32m  OK  [0m] Reached target Remote File Systems (Pre).
[[0;32m  OK  [0m] Reached target Remote File Systems.
[[0;32m  OK  [0m] Reached target Cloud-config availability.
[[0;32m  OK  [0m] Listening on LXD - unix socket.
[[0;32m  OK  [0m] Started Availability of block devices.
[[0;32m  OK  [0m] Listening on Socket activation for snappy daemon.
[[0;32m  OK  [0m] Reached target Sockets.
[[0;32m  OK  [0m] Reached target Basic System.
         Starting Accounts Service...
[[0;32m  OK  [0m] Started irqbalance daemon.
         Starting Pollinate to seed the pseudo random number generator...
         Starting Virtualbox guest utils...
|     + + * .     |[[0;32m  OK  [0m] Started Deferred execution scheduler.
[[0;32m  OK  [0m] Reached target Login Prompts (Pre).
[[0;32m  OK  [0m] Started FUSE filesystem for LXC.
         Starting LXD - container startup/shutdown...
         Starting System Logging Service...

[   25.333620] cloud-init         Starting Login Service...
[916]: |      + * o o    |[[0;32m  OK  [0m] Started D-Bus System Message Bus.

[   25.349237] cloud-init[916]: |       o = . +   |
[   25.365167] cloud-init[916]: |      ..o +.o..  |
[   25.370370] cloud-init[916]: +----[SHA256]-----+
[   25.375336] cloud-init[916]: Generating public/private dsa key pair.
[   25.382987] cloud-init[916]: Your identification has been saved in /etc/ssh/ssh_host_dsa_key.
[   25.391508] cloud-init[916]: Your public key has been saved in /etc/ssh/ssh_host_dsa_key.pub.
[   25.400008] cloud-init[916]: The key fingerprint is:
[   25.413368] cloud-init[916]: SHA256:yQxmc5KDt+TQqNskFwDAmUAJem62gQG5gWnUgw+fl/A root@ubuntu-bionic
[   25.421035] cloud-init[916]: The key's randomart image is:
[   25.426599] cloud-init[916]: +---[DSA 1024]----+
[   25.431583] cloud-init[916]: |#*B              |
[   25.436749] cloud-init[916]: |BO = + .         |
[   25.442644]          Starting LSB: automatic crash report generation...
         Starting LSB: Record successful boot for GRUB...
cloud-init[916]: |+o= X & .        |
[   25.457173] cloud-init[916]: |.= = E X .       |
[   25.462046] cloud-init[916]: |. B + o S        |
[   25.466564] cloud-init[916]: | o O             |
[   25.471123] cloud-init[916]: |  o .            |
[   25.475848] cloud-init[916]: |                 |
[   25.481238] cloud-init[916]: |                 |
[   25.487168] cloud-init[916]: +----[SHA256]-----+
[   25.492995] cloud-init[916]: Generating public/private ecdsa key pair.
[   25.497628] cloud-init[916]: Your identification has been saved in /etc/ssh/ssh_host_ecdsa_key.
[   25.502539] cloud-init[916]: Your public key has been saved in /etc/ssh/ssh_host_ecdsa_key.pub.
[   25.507501] cloud-init[916]: The key fingerprint is:
[   25.512679] cloud-init[916]: SHA256:vQQSSrkEWwDTh+HnnJZ7ip4jcXEcSn9TqSUdF+iZius root@ubuntu-bionic
[   25.520821] cloud-init[916]: The key's randomart image is:
[   25.526918] cloud-init[916]: +---[ECDSA 256]---+
[   25.533906] cloud-init[916]: |oo+=o....+o.     |
[   25.537817] cloud-init[916]: | o++=...*.       |
[   25.539563] cloud-init[916]: | .o*oo.*.o       |
[   25.541375] cloud-init[916]: |  o+=o+.+o       |
[   25.543466] cloud-init[916]: |   o*o oS o      |
[   25.546207] cloud-init[916]: |. .....  . .     |
[   25.550089] cloud-init[916]: | o  ...   .      |
[   25.554544] cloud-init[916]: |. .o.o           |         Starting Dispatcher daemon for systemd-networkd...
         Starting Permit User Sessions...
[[0;32m  OK  [0m] Started Regular background program processing daemon.
         Starting Snap Daemon...

[[0;32m  OK  [0m] Started System Logging Service.
[   25.584033] cloud-init[916]: | o+oE            |
[   25.593445] cloud-init[916]: +----[SHA256]-----+
[   25.601291] cloud-init[916]: Generating public/private ed25519 key pair.
[   25.607280] cloud-init[916]: Your identification has been saved in /etc/ssh/ssh_host_ed25519_key.
[   25.614660] cloud-init[916]: Your public key has been saved in /etc/ssh/ssh_host_ed25519_key.pub.
[   25.623249] cloud-init[916]: The key fingerprint is:
[   25.631387] cloud-init[916]: SHA256:zvmq+isXTciO6QLcb0MjzF/dIdPR1CZOwGHmJeaZOYY root@ubuntu-bionic
[   25.637553] cloud-init[916]: The key's randomart image is:
[   25.647850] cloud-init[916]: +--[ED25519 256]--+
[   25.658389] cloud-init[916]: |          .B=o.  |
[   25.667057] cloud-init[916]: |          Bo*+ o |
[   25.671416] cloud-init[916]: |     . . E.O+ o  |
[   25.677345] cloud-init[916]: |      o .o.o..   |
[   25.682223] cloud-init[916]: |. +  + oS + .    |
[   25.688751] cloud-init[916]: |.. =ooo+.o .     |
[   25.693951] cloud-init[916]: | . .= o.+        |
[   25.700346] cloud-init[916]: |  . o=.  .       |
[   25.709535] cloud-init[916]: |   .o==o...      |
[   25.715137] cloud-init[916]: +----[SHA256]-----+
[[0;32m  OK  [0m] Started LSB: automatic crash report generation.
[[0;32m  OK  [0m] Started Permit User Sessions.
[[0;32m  OK  [0m] Started Login Service.
[[0;32m  OK  [0m] Started Unattended Upgrades Shutdown.
         Starting Hold until boot process finishes up...
         Starting Terminate Plymouth Boot Screen...
         Starting Authorization Manager...
[[0;32m  OK  [0m] Started Hold until boot process finishes up.
[[0;32m  OK  [0m] Started Serial Getty on ttyS0.
         Starting Set console scheme...
[[0;32m  OK  [0m] Started Terminate Plymouth Boot Screen.
[[0;32m  OK  [0m] Started Authorization Manager.
[[0;32m  OK  [0m] Started Accounts Service.
[[0;32m  OK  [0m] Started Set console scheme.
[[0;32m  OK  [0m] Created slice system-getty.slice.
[[0;32m  OK  [0m] Started Getty on tty1.
[[0;32m  OK  [0m] Reached target Login Prompts.
[[0;32m  OK  [0m] Started LSB: Record successful boot for GRUB.
[[0;32m  OK  [0m] Started Virtualbox guest utils.
[[0;32m  OK  [0m] Started LXD - container startup/shutdown.
[[0;32m  OK  [0m] Started Dispatcher daemon for systemd-networkd.
[[0;32m  OK  [0m] Started Pollinate to seed the pseudo random number generator.
         Starting OpenBSD Secure Shell server...
[[0;32m  OK  [0m] Started Snap Daemon.
         Starting Wait until snapd is fully seeded...
[[0;32m  OK  [0m] Started OpenBSD Secure Shell server.
[[0;32m  OK  [0m] Created slice User Slice of vagrant.
         Starting User Manager for UID 1000...
[[0;32m  OK  [0m] Started Session 1 of user vagrant.
[[0;32m  OK  [0m] Started User Manager for UID 1000.
         Starting Time & Date Service...
[[0;32m  OK  [0m] Started Time & Date Service.
[[0;32m  OK  [0m] Started Wait until snapd is fully seeded.
         Starting Apply the settings specified in cloud-config...
[   30.216402] cloud-init[1441]: Cloud-init v. 23.1.2-0ubuntu0~18.04.1 running 'modules:config' at Tue, 14 May 2024 23:05:53 +0000. Up 28.89 seconds.
[[0;32m  OK  [0m] Started Apply the settings specified in cloud-config.
[[0;32m  OK  [0m] Reached target Multi-User System.
         Starting Execute cloud user/final scripts...
[[0;32m  OK  [0m] Reached target Graphical Interface.
         Starting Update UTMP about System Runlevel Changes...
[[0;32m  OK  [0m] Started Update UTMP about System Runlevel Changes.
ci-info: no authorized SSH keys fingerprints found for user ubuntu.
<14>May 14 23:05:55 cloud-init: #############################################################
<14>May 14 23:05:55 cloud-init: -----BEGIN SSH HOST KEY FINGERPRINTS-----
<14>May 14 23:05:55 cloud-init: 1024 SHA256:yQxmc5KDt+TQqNskFwDAmUAJem62gQG5gWnUgw+fl/A root@ubuntu-bionic (DSA)
<14>May 14 23:05:55 cloud-init: 256 SHA256:vQQSSrkEWwDTh+HnnJZ7ip4jcXEcSn9TqSUdF+iZius root@ubuntu-bionic (ECDSA)
<14>May 14 23:05:55 cloud-init: 256 SHA256:zvmq+isXTciO6QLcb0MjzF/dIdPR1CZOwGHmJeaZOYY root@ubuntu-bionic (ED25519)
<14>May 14 23:05:55 cloud-init: 2048 SHA256:m8jUh9FTntGRMMMAhFL7DrUlGpq/3/wbDwqNXlEFFec root@ubuntu-bionic (RSA)
<14>May 14 23:05:55 cloud-init: -----END SSH HOST KEY FINGERPRINTS-----
<14>May 14 23:05:55 cloud-init: #############################################################
-----BEGIN SSH HOST KEY KEYS-----
ecdsa-sha2-nistp256 AAAAE2VjZHNhLXNoYTItbmlzdHAyNTYAAAAIbmlzdHAyNTYAAABBBOQAPJBZdwOkzm3JQLlAMnSxXs/eZogiH68BVRlG1RQppLxEh4v9eZTMeRu8x7wZJgGz/h6kvsDiqyKz/1GSIGQ= root@ubuntu-bionic
ssh-ed25519 AAAAC3NzaC1lZDI1NTE5AAAAIKF26cpS5FKD/oKZyY2fqWjwU24UAZswr4LfJNf34ePE root@ubuntu-bionic
ssh-rsa AAAAB3NzaC1yc2EAAAADAQABAAABAQCojnc1emsrpnaquqb1lq/Mtgyg+LdLGHas6v60mwQiYkJQk0mJTv+hUBtFH7QDafcwKM+1sPUsZ9QPrCet0wJj4E/xfvYUVeDW4Sq2u8xyDvA0sOPC2u1CUAXs0nmX26W2WDIBCLkyNSpHLFr2JiQ/Ml9PhmILCkAYC7A8y6fv73GXVBGOE98upVPEhhLx7/pSwIFkipl/SxBqtqly5TP/+YfgDlhgFkSmm8bxLoL0NXhhU9+agwF7zNcG69IFx8teWqy1DZmvq7aJLAunM3FD07zzCpvB6hAHY1gsJNP2is5Wwusnn7tP+A7G8DGDws4zyrTN/eUaHu4488oACAUd root@ubuntu-bionic
-----END SSH HOST KEY KEYS-----
[   31.348929] cloud-init[1537]: Cloud-init v. 23.1.2-0ubuntu0~18.04.1 running 'modules:final' at Tue, 14 May 2024 23:05:55 +0000. Up 30.98 seconds.
[   31.349064] cloud-init[1537]: Cloud-init v. 23.1.2-0ubuntu0~18.04.1 finished at Tue, 14 May 2024 23:05:55 +0000. Datasource DataSourceNoCloud [seed=/dev/sdb][dsmode=net].  Up 31.34 seconds

Ubuntu 18.04.6 LTS ubuntu-bionic ttyS0

ubuntu-bionic login: 